RE-RUN (smooth): 200 seeds, M=400, 7 cores

=== Sweep: horizon_growth (tier 1) ===
Horizon T vs knowledge-growth epsilon. Headline: does forward beat myopic as T grows, and how does growth modulate it?
  25 cells x 200 seeds done in 5850s (1.170s/run)
  saved -> sweep_results/T_run_smooth/

=== Sweep: horizon_noise (tier 1) ===
Horizon T vs grant-signal noise tau_k.
  25 cells x 200 seeds done in 3273s (0.655s/run)
  saved -> sweep_results/T_run_smooth/

=== Sweep: horizon_scale (tier 1) ===
Horizon T vs budget scale b (clamped to [0.1,1]; spec 0.05 dropped).
  20 cells x 200 seeds done in 2726s (0.681s/run)
  saved -> sweep_results/T_run_smooth/

=== Sweep: signal_precision (tier 2) ===
Fine sweep of grant-signal noise tau_k at T=2.
  13 cells x 200 seeds done in 547s (0.210s/run)
`geom_line()`: Each group consists of only one observation.
i Do you need to adjust the group aesthetic?
  saved -> sweep_results/T_run_smooth/

=== Sweep: signal_value (tier 2) ===
Knowledge tail alpha_K vs grant-signal noise tau_k at T=2.
  16 cells x 200 seeds done in 695s (0.217s/run)
  saved -> sweep_results/T_run_smooth/

=== Sweep: funder_scale (tier 2) ===
Budget scale b at T=2 (clamped to [0.1,1]; spec 1.5/2.5/5 and 0.05 dropped).
  6 cells x 200 seeds done in 267s (0.222s/run)
`geom_line()`: Each group consists of only one observation.
i Do you need to adjust the group aesthetic?
  saved -> sweep_results/T_run_smooth/

=== Sweep: seed_value (tier 2) ===
Budget b vs seed fraction x_seed at T=2 (b clamped to [0.1,1]; spec 2 dropped).
  16 cells x 200 seeds done in 709s (0.222s/run)
  saved -> sweep_results/T_run_smooth/

=== Sweep: alpha_regime (tier 2) ===
Grant-signal noise tau_k vs growth epsilon: where does forward spend (b_idx / alpha)?
  16 cells x 200 seeds done in 705s (0.220s/run)
  saved -> sweep_results/T_run_smooth/

=== Sweep: pre_rounds (tier 3) ===
Pre-round baseline observations n_pre at T=2.
  5 cells x 200 seeds done in 315s (0.315s/run)
`geom_line()`: Each group consists of only one observation.
i Do you need to adjust the group aesthetic?
  saved -> sweep_results/T_run_smooth/

=== Sweep: regime_map (tier 3) ===
3D regime map: budget b x noise tau_k x tail alpha_K at T=2 (b clamped to [0.1,1]; spec 3 dropped).
  27 cells x 200 seeds done in 1225s (0.227s/run)
  saved -> sweep_results/T_run_smooth/

=== Sweep: correlation (tier 4) ===
K-R Gaussian-copula correlation rho_c vs tail alpha_K at T=2, tau_k=0.3 (sharpest signal).
  12 cells x 200 seeds done in 582s (0.243s/run)
  saved -> sweep_results/T_run_smooth/

=== Sweep: pop_size (tier 4) ===
Population size n at T=2 (finite-n check).
  4 cells x 200 seeds done in 441s (0.551s/run)
`geom_line()`: Each group consists of only one observation.
i Do you need to adjust the group aesthetic?
  saved -> sweep_results/T_run_smooth/

=== Sweep: resource_noise (tier 4) ===
Resource-signal noise tau_r at T=2.
  3 cells x 200 seeds done in 134s (0.223s/run)
`geom_line()`: Each group consists of only one observation.
i Do you need to adjust the group aesthetic?
  saved -> sweep_results/T_run_smooth/

=== Sweep: tail_map (tier 2) ===
Knowledge tail k_shape vs resource tail r_shape at T=2, sharp signal (tau_k=0.3). NOTE: budget B∝E[R] co-varies with r_shape (see NEXT_SIMULATIONS.md A1).
  9 cells x 200 seeds done in 449s (0.249s/run)
  saved -> sweep_results/T_run_smooth/

=== Sweep: info_value (tier 1) ===
Information channel isolated: eps~0 (no compounding) across horizon T and signal noise tau_k.
  12 cells x 200 seeds done in 1938s (0.808s/run)
  saved -> sweep_results/T_run_smooth/

=== Sweep: horizon_long (tier 1) ===
Long horizon T=5..10 at eps in {0.3,0.85}: does the forward advantage saturate? Uses n_steps=400 (finer greedy granularity): the default n_steps=50 is too coarse beyond T=5 and inflates the advantage ~4x (see tests/horizon_long_convergence.R).
  10 cells x 200 seeds done in 18541s (9.271s/run)
  saved -> sweep_results/T_run_smooth/

All T-round sweeps complete -> sweep_results/T_run_smooth 
TOTAL wall: 640.0 min
