RE-RUN (fixed): 200 seeds, M=400, 7 cores

=== Sweep: horizon_growth (tier 1) ===
Horizon T vs knowledge-growth epsilon. Headline: does forward beat myopic as T grows, and how does growth modulate it?
  25 cells x 200 seeds done in 366s (0.073s/run)
  saved -> sweep_results/T_run_fixed/

=== Sweep: horizon_noise (tier 1) ===
Horizon T vs grant-signal noise tau_k.
  25 cells x 200 seeds done in 354s (0.071s/run)
  saved -> sweep_results/T_run_fixed/

=== Sweep: horizon_scale (tier 1) ===
Horizon T vs budget scale b (clamped to [0.1,1]; spec 0.05 dropped).
  20 cells x 200 seeds done in 296s (0.074s/run)
  saved -> sweep_results/T_run_fixed/

=== Sweep: signal_precision (tier 2) ===
Fine sweep of grant-signal noise tau_k at T=2.
  13 cells x 200 seeds done in 74s (0.029s/run)
`geom_line()`: Each group consists of only one observation.
i Do you need to adjust the group aesthetic?
  saved -> sweep_results/T_run_fixed/

=== Sweep: signal_value (tier 2) ===
Knowledge tail alpha_K vs grant-signal noise tau_k at T=2.
  16 cells x 200 seeds done in 100s (0.031s/run)
  saved -> sweep_results/T_run_fixed/

=== Sweep: funder_scale (tier 2) ===
Budget scale b at T=2 (clamped to [0.1,1]; spec 1.5/2.5/5 and 0.05 dropped).
  6 cells x 200 seeds done in 37s (0.031s/run)
`geom_line()`: Each group consists of only one observation.
i Do you need to adjust the group aesthetic?
  saved -> sweep_results/T_run_fixed/

=== Sweep: seed_value (tier 2) ===
Budget b vs seed fraction x_seed at T=2 (b clamped to [0.1,1]; spec 2 dropped).
  16 cells x 200 seeds done in 93s (0.029s/run)
  saved -> sweep_results/T_run_fixed/

=== Sweep: alpha_regime (tier 2) ===
Grant-signal noise tau_k vs growth epsilon: where does forward spend (b_idx / alpha)?
  16 cells x 200 seeds done in 95s (0.030s/run)
  saved -> sweep_results/T_run_fixed/

=== Sweep: pre_rounds (tier 3) ===
Pre-round baseline observations n_pre at T=2.
  5 cells x 200 seeds done in 35s (0.035s/run)
`geom_line()`: Each group consists of only one observation.
i Do you need to adjust the group aesthetic?
  saved -> sweep_results/T_run_fixed/

=== Sweep: regime_map (tier 3) ===
3D regime map: budget b x noise tau_k x tail alpha_K at T=2 (b clamped to [0.1,1]; spec 3 dropped).
  27 cells x 200 seeds done in 160s (0.030s/run)
  saved -> sweep_results/T_run_fixed/

=== Sweep: correlation (tier 4) ===
K-R Gaussian-copula correlation rho_c vs tail alpha_K at T=2, tau_k=0.3 (sharpest signal).
  12 cells x 200 seeds done in 72s (0.030s/run)
  saved -> sweep_results/T_run_fixed/

=== Sweep: pop_size (tier 4) ===
Population size n at T=2 (finite-n check).
  4 cells x 200 seeds done in 39s (0.048s/run)
`geom_line()`: Each group consists of only one observation.
i Do you need to adjust the group aesthetic?
  saved -> sweep_results/T_run_fixed/

=== Sweep: resource_noise (tier 4) ===
Resource-signal noise tau_r at T=2.
  3 cells x 200 seeds done in 19s (0.032s/run)
`geom_line()`: Each group consists of only one observation.
i Do you need to adjust the group aesthetic?
  saved -> sweep_results/T_run_fixed/

All T-round sweeps complete -> sweep_results/T_run_fixed 
TOTAL wall: 29.0 min
